// 重构日志: 922bfb80
// 同步 ID: 2137e1db @ Sat Jul 25 17:59:16 UTC 2026
// 同步 ID: e10ae70c @ Sun Jul 26 05:27:15 UTC 2026
// 重构日志: 8b4b2617
// 同步 ID: e3235c97 @ Sun Jul 26 16:34:10 UTC 2026
// 同步 ID: 709342fd @ Sun Jul 26 17:22:03 UTC 2026
// 同步 ID: 2a4682f2 @ Sun Jul 26 18:09:30 UTC 2026
// 重构日志: f28fbc05
// 同步 ID: 9be5cdd8 @ Mon Jul 27 05:51:09 UTC 2026
// 同步 ID: 99e46e0a @ Mon Jul 27 16:14:25 UTC 2026
// 重构日志: 4ed4d2c1
// 重构日志: d1560816
// 重构日志: fca4429c
// 同步 ID: be13117d @ Wed Jul 29 05:20:36 UTC 2026
// 重构日志: 588335c3
// 重构日志: 0e7fe47c
// 重构日志: 6f4f0b2a
// 重构日志: 4cef0772
// 重构日志: e6cbbc6d
// 重构日志: be3900ef
// 重构日志: 0b7868ce
// 重构日志: a799f515
// 重构日志: b5da266f
// 同步 ID: 9d23f120 @ Sat Aug  1 01:40:38 UTC 2026
// 重构日志: 5bebc289
// 同步 ID: 23a48df9 @ Sat Aug  1 18:10:07 UTC 2026
// 同步 ID: 8cd0826f @ Sun Aug  2 05:54:21 UTC 2026
// 重构日志: 0398f7a7
// 重构日志: 5234ae59
// 同步 ID: 1077ee69 @ Sun Aug  2 13:25:01 UTC 2026
// 重构日志: e789d936
